[1.484s] Invoking command in '/home/michael/Documents/Repos/f24_robotics/webots_ros2_homework1_python': PYTHONPATH=/home/michael/Documents/Repos/f24_robotics/build/webots_ros2_homework1_python/prefix_override:/usr/lib/python3/dist-packages/colcon_core/task/python/colcon_distutils_commands:/home/michael/Documents/Repos/f24_robotics/install/webots_ros2_homework1_python/lib/python3.10/site-packages:${PYTHONPATH} /usr/bin/python3 -W ignore:setup.py install is deprecated setup.py egg_info --egg-base ../build/webots_ros2_homework1_python build --build-base /home/michael/Documents/Repos/f24_robotics/build/webots_ros2_homework1_python/build install --record /home/michael/Documents/Repos/f24_robotics/build/webots_ros2_homework1_python/install.log --single-version-externally-managed install_data
[1.675s] running egg_info
[1.675s] creating ../build/webots_ros2_homework1_python/webots_ros2_homework1_python.egg-info
[1.675s] writing ../build/webots_ros2_homework1_python/webots_ros2_homework1_python.egg-info/PKG-INFO
[1.676s] writing dependency_links to ../build/webots_ros2_homework1_python/webots_ros2_homework1_python.egg-info/dependency_links.txt
[1.676s] writing entry points to ../build/webots_ros2_homework1_python/webots_ros2_homework1_python.egg-info/entry_points.txt
[1.676s] writing requirements to ../build/webots_ros2_homework1_python/webots_ros2_homework1_python.egg-info/requires.txt
[1.676s] writing top-level names to ../build/webots_ros2_homework1_python/webots_ros2_homework1_python.egg-info/top_level.txt
[1.676s] writing manifest file '../build/webots_ros2_homework1_python/webots_ros2_homework1_python.egg-info/SOURCES.txt'
[1.678s] reading manifest file '../build/webots_ros2_homework1_python/webots_ros2_homework1_python.egg-info/SOURCES.txt'
[1.679s] writing manifest file '../build/webots_ros2_homework1_python/webots_ros2_homework1_python.egg-info/SOURCES.txt'
[1.679s] running build
[1.679s] running build_py
[1.679s] creating /home/michael/Documents/Repos/f24_robotics/build/webots_ros2_homework1_python/build
[1.679s] creating /home/michael/Documents/Repos/f24_robotics/build/webots_ros2_homework1_python/build/lib
[1.679s] creating /home/michael/Documents/Repos/f24_robotics/build/webots_ros2_homework1_python/build/lib/webots_ros2_homework1_python
[1.679s] copying webots_ros2_homework1_python/__init__.py -> /home/michael/Documents/Repos/f24_robotics/build/webots_ros2_homework1_python/build/lib/webots_ros2_homework1_python
[1.679s] copying webots_ros2_homework1_python/webots_ros2_homework1_python.py -> /home/michael/Documents/Repos/f24_robotics/build/webots_ros2_homework1_python/build/lib/webots_ros2_homework1_python
[1.679s] running install
[1.680s] running install_lib
[1.680s] creating /home/michael/Documents/Repos/f24_robotics/install/webots_ros2_homework1_python/lib/python3.10/site-packages/webots_ros2_homework1_python
[1.680s] copying /home/michael/Documents/Repos/f24_robotics/build/webots_ros2_homework1_python/build/lib/webots_ros2_homework1_python/__init__.py -> /home/michael/Documents/Repos/f24_robotics/install/webots_ros2_homework1_python/lib/python3.10/site-packages/webots_ros2_homework1_python
[1.681s] copying /home/michael/Documents/Repos/f24_robotics/build/webots_ros2_homework1_python/build/lib/webots_ros2_homework1_python/webots_ros2_homework1_python.py -> /home/michael/Documents/Repos/f24_robotics/install/webots_ros2_homework1_python/lib/python3.10/site-packages/webots_ros2_homework1_python
[1.681s] byte-compiling /home/michael/Documents/Repos/f24_robotics/install/webots_ros2_homework1_python/lib/python3.10/site-packages/webots_ros2_homework1_python/__init__.py to __init__.cpython-310.pyc
[1.681s] byte-compiling /home/michael/Documents/Repos/f24_robotics/install/webots_ros2_homework1_python/lib/python3.10/site-packages/webots_ros2_homework1_python/webots_ros2_homework1_python.py to webots_ros2_homework1_python.cpython-310.pyc
[1.682s] running install_data
[1.682s] creating /home/michael/Documents/Repos/f24_robotics/install/webots_ros2_homework1_python/share/ament_index
[1.682s] creating /home/michael/Documents/Repos/f24_robotics/install/webots_ros2_homework1_python/share/ament_index/resource_index
[1.683s] creating /home/michael/Documents/Repos/f24_robotics/install/webots_ros2_homework1_python/share/ament_index/resource_index/packages
[1.683s] copying resource/webots_ros2_homework1_python -> /home/michael/Documents/Repos/f24_robotics/install/webots_ros2_homework1_python/share/ament_index/resource_index/packages
[1.683s] creating /home/michael/Documents/Repos/f24_robotics/install/webots_ros2_homework1_python/share/webots_ros2_homework1_python/launch
[1.683s] copying launch/f23_robotics_1_launch.py -> /home/michael/Documents/Repos/f24_robotics/install/webots_ros2_homework1_python/share/webots_ros2_homework1_python/launch
[1.683s] creating /home/michael/Documents/Repos/f24_robotics/install/webots_ros2_homework1_python/share/webots_ros2_homework1_python/worlds
[1.683s] copying worlds/f23_robotics_1.wbt -> /home/michael/Documents/Repos/f24_robotics/install/webots_ros2_homework1_python/share/webots_ros2_homework1_python/worlds
[1.683s] copying package.xml -> /home/michael/Documents/Repos/f24_robotics/install/webots_ros2_homework1_python/share/webots_ros2_homework1_python
[1.683s] creating /home/michael/Documents/Repos/f24_robotics/install/webots_ros2_homework1_python/share/webots_ros2_homework1_python/resource
[1.683s] copying resource/turtlebot_webots.urdf -> /home/michael/Documents/Repos/f24_robotics/install/webots_ros2_homework1_python/share/webots_ros2_homework1_python/resource
[1.683s] copying resource/ros2control.yml -> /home/michael/Documents/Repos/f24_robotics/install/webots_ros2_homework1_python/share/webots_ros2_homework1_python/resource
[1.683s] running install_egg_info
[1.685s] Copying ../build/webots_ros2_homework1_python/webots_ros2_homework1_python.egg-info to /home/michael/Documents/Repos/f24_robotics/install/webots_ros2_homework1_python/lib/python3.10/site-packages/webots_ros2_homework1_python-0.0.0-py3.10.egg-info
[1.686s] running install_scripts
[1.703s] Installing webots_ros2_homework1_python script to /home/michael/Documents/Repos/f24_robotics/install/webots_ros2_homework1_python/lib/webots_ros2_homework1_python
[1.703s] writing list of installed files to '/home/michael/Documents/Repos/f24_robotics/build/webots_ros2_homework1_python/install.log'
[1.722s] Invoked command in '/home/michael/Documents/Repos/f24_robotics/webots_ros2_homework1_python' returned '0': PYTHONPATH=/home/michael/Documents/Repos/f24_robotics/build/webots_ros2_homework1_python/prefix_override:/usr/lib/python3/dist-packages/colcon_core/task/python/colcon_distutils_commands:/home/michael/Documents/Repos/f24_robotics/install/webots_ros2_homework1_python/lib/python3.10/site-packages:${PYTHONPATH} /usr/bin/python3 -W ignore:setup.py install is deprecated setup.py egg_info --egg-base ../build/webots_ros2_homework1_python build --build-base /home/michael/Documents/Repos/f24_robotics/build/webots_ros2_homework1_python/build install --record /home/michael/Documents/Repos/f24_robotics/build/webots_ros2_homework1_python/install.log --single-version-externally-managed install_data
